Addr       T1 T2 Section    Size     Name
0x8042548  l  O  .ucrodata  +0x0018  __stdio_mutex_initializer.4160
0x8042577  l  O  .ucrodata  +0x000c  prefix.4371
0x8042583  l  O  .ucrodata  +0x0007  spec_base.4370
0x804258a  l  O  .ucrodata  +0x0014  qual_chars.4377
0x804259e  l  O  .ucrodata  +0x0010  spec_and_mask.4376
0x80425ae  l  O  .ucrodata  +0x0010  spec_or_mask.4375
0x80425be  l  O  .ucrodata  +0x0009  spec_ranges.4374
0x80425c7  l  O  .ucrodata  +0x0015  spec_chars.4373
0x80425dc  l  O  .ucrodata  +0x0008  spec_flags.4372
0x80425e4  l  O  .ucrodata  +0x0018  type_codes
0x80425fc  l  O  .ucrodata  +0x000c  type_sizes
0x8042608  l  O  .ucrodata  +0x000e  unknown.1330
0x8042620  g  O  .ucrodata  +0x0b5a  _string_syserrmsgs
0x8043180  l  O  .ucrodata  +0x0028  random_poly_info
0x80431a8  l  O  .ucrodata  +0x0015  nan_inf_str.2344
0x8043420  g  O  .ucrodata  +0x0300  __GI___C_ctype_b_data
0x8043420  g  O  .ucrodata  +0x0300  __C_ctype_b_data
0x8043720  g  O  .ucrodata  +0x0300  __GI___C_ctype_tolower_data
0x8043720  g  O  .ucrodata  +0x0300  __C_ctype_tolower_data
0x8043a20  l  O  .ucrodata  +0x0014  fmt
0x8043a40  l  O  .ucrodata  +0x009c  exp10_table
0x8043ae0  l  F  .uctext    +0x0001  _init_and_fini
0x8043ae1  g  F  .uctext    +0x001e  _start
0x8043aff  g  F  .uctext    +0x0005  FAKE_main
0x8043b04  l  F  .uctext    +0x0007  __restore_rt
0x8043b0b  l  F  .uctext    +0x0009  __restore
0x8043b14  g  F  .uctext    +0x001b  __GI_mmap
0x8043b14  g  F  .uctext    +0x001b  mmap
0x8043b30  g  F  .uctext    +0x0005  __GI_log
0x8043b30  g  F  .uctext    +0x0005  log
0x8043b35  g  F  .uctext    +0x0222  __ieee754_log
0x8043d57  g  F  .uctext    +0x0032  __GI_gettimeofday
0x8043d57  g  F  .uctext    +0x0032  gettimeofday
0x8043d89  w  F  .uctext    +0x0036  __GI_read
0x8043d89  w  F  .uctext    +0x0036  read
0x8043d89  g  F  .uctext    +0x0036  __libc_read
0x8043dbf  g  F  .uctext    +0x002e  __GI_time
0x8043dbf  g  F  .uctext    +0x002e  time
0x8043ded  w  F  .uctext    +0x0006  __GI___errno_location
0x8043ded  w  F  .uctext    +0x0006  __errno_location
0x8043df3  g  F  .uctext    +0x010f  __GI_fclose
0x8043df3  g  F  .uctext    +0x010f  fclose
0x8043f02  g  F  .uctext    +0x0018  __GI_fopen
0x8043f02  g  F  .uctext    +0x0018  fopen
0x8043f1a  g  F  .uctext    +0x001b  __GI_fseek
0x8043f1a  g  F  .uctext    +0x001b  fseek
0x8043f1a  g  F  .uctext    +0x001b  fseeko
0x8043f35  g  F  .uctext    +0x0034  __GI_ftell
0x8043f35  g  F  .uctext    +0x0034  ftell
0x8043f35  g  F  .uctext    +0x0034  ftello
0x8043f69  g  F  .uctext    +0x007c  puts
0x8043fe5  g  F  .uctext    +0x0020  __GI_printf
0x8043fe5  g  F  .uctext    +0x0020  printf
0x8044005  g  F  .uctext    +0x00e7  __GI_fseeko64
0x8044005  g  F  .uctext    +0x00e7  fseeko64
0x80440ec  g  F  .uctext    +0x00ac  __GI_ftello64
0x80440ec  g  F  .uctext    +0x00ac  ftello64
0x8044198  g  F  .uctext    +0x00a4  __stdio_adjust_position
0x804423c  g  F  .uctext    +0x0243  _stdio_fopen
0x804447f  g  F  .uctext    +0x0063  _stdio_init
0x80444e2  g  F  .uctext    +0x0017  __stdio_init_mutex
0x80444f9  g  F  .uctext    +0x0088  _stdio_term
0x8044581  g  F  .uctext    +0x002b  __stdio_wcommit
0x80445ac  g  F  .uctext    +0x0033  __stdio_seek
0x80445df  g  F  .uctext    +0x0088  __GI_vfprintf
0x80445df  g  F  .uctext    +0x0088  vfprintf
0x8044667  l  F  .uctext    +0x0036  _charpad
0x804469d  l  F  .uctext    +0x006a  _fp_out_narrow
0x8044707  g  F  .uctext    +0x05b8  _vfprintf_internal
0x8044cbf  g  F  .uctext    +0x006f  _ppfs_init
0x8044d2e  g  F  .uctext    +0x0042  _ppfs_prepargs
0x8044d70  g  F  .uctext    +0x0111  _ppfs_setargs
0x8044e81  l  F  .uctext    +0x0029  _promoted_size
0x8044eaa  g  F  .uctext    +0x03cf  _ppfs_parsespec
0x8045279  g  F  .uctext    +0x0075  __GI_fflush
0x8045279  g  F  .uctext    +0x0075  fflush
0x80452ee  g  F  .uctext    +0x0084  __GI_fgetc
0x80452ee  g  F  .uctext    +0x0084  fgetc
0x80452ee  g  F  .uctext    +0x0084  getc
0x8045372  g  F  .uctext    +0x0062  __GI_fgets
0x8045372  g  F  .uctext    +0x0062  fgets
0x80453d4  g  F  .uctext    +0x005c  __GI_fileno
0x80453d4  g  F  .uctext    +0x005c  fileno
0x8045430  g  F  .uctext    +0x0065  __GI_fread
0x8045430  g  F  .uctext    +0x0065  fread
0x8045495  g  F  .uctext    +0x0065  __GI_fwrite
0x8045495  g  F  .uctext    +0x0065  fwrite
0x80454fa  g  F  .uctext    +0x00e4  _stdio_openlist_dec_use
0x80455de  g  F  .uctext    +0x014d  __GI_fflush_unlocked
0x80455de  g  F  .uctext    +0x014d  fflush_unlocked
0x804572b  g  F  .uctext    +0x00dc  __GI___fgetc_unlocked
0x804572b  g  F  .uctext    +0x00dc  __GI_fgetc_unlocked
0x804572b  g  F  .uctext    +0x00dc  __GI_getc_unlocked
0x804572b  g  F  .uctext    +0x00dc  __fgetc_unlocked
0x804572b  g  F  .uctext    +0x00dc  fgetc_unlocked
0x804572b  g  F  .uctext    +0x00dc  getc_unlocked
0x8045807  g  F  .uctext    +0x0069  __GI_fgets_unlocked
0x8045807  g  F  .uctext    +0x0069  fgets_unlocked
0x8045870  g  F  .uctext    +0x0020  __GI_fileno_unlocked
0x8045870  g  F  .uctext    +0x0020  fileno_unlocked
0x8045890  g  F  .uctext    +0x00bb  __GI___fputc_unlocked
0x8045890  g  F  .uctext    +0x00bb  __GI_putc_unlocked
0x8045890  g  F  .uctext    +0x00bb  __fputc_unlocked
0x8045890  g  F  .uctext    +0x00bb  fputc_unlocked
0x8045890  g  F  .uctext    +0x00bb  putc_unlocked
0x804594b  g  F  .uctext    +0x0031  __GI_fputs_unlocked
0x804594b  g  F  .uctext    +0x0031  fputs_unlocked
0x804597c  g  F  .uctext    +0x0118  __GI_fread_unlocked
0x804597c  g  F  .uctext    +0x0118  fread_unlocked
0x8045a94  g  F  .uctext    +0x0078  __GI_fwrite_unlocked
0x8045a94  g  F  .uctext    +0x0078  fwrite_unlocked
0x8045b0c  g  F  .uctext    +0x0027  __GI_memcpy
0x8045b0c  g  F  .uctext    +0x0027  memcpy
0x8045b33  g  F  .uctext    +0x0027  __GI_memmove
0x8045b33  g  F  .uctext    +0x0027  memmove
0x8045b5a  g  F  .uctext    +0x0015  __GI_memset
0x8045b5a  g  F  .uctext    +0x0015  memset
0x8045b6f  g  F  .uctext    +0x001f  __GI_strcat
0x8045b6f  g  F  .uctext    +0x001f  strcat
0x8045b8e  g  F  .uctext    +0x001e  __GI_strchr
0x8045b8e  g  F  .uctext    +0x001e  index
0x8045b8e  g  F  .uctext    +0x001e  strchr
0x8045bac  g  F  .uctext    +0x001b  __GI_strcpy
0x8045bac  g  F  .uctext    +0x001b  strcpy
0x8045bc7  g  F  .uctext    +0x0013  __GI_strlen
0x8045bc7  g  F  .uctext    +0x0013  strlen
0x8045bda  g  F  .uctext    +0x0019  __GI_strnlen
0x8045bda  g  F  .uctext    +0x0019  strnlen
0x8045bf3  g  F  .uctext    +0x001d  __GI___glibc_strerror_r
0x8045bf3  g  F  .uctext    +0x001d  __glibc_strerror_r
0x8045c10  w  F  .uctext    +0x00b6  strerror_r
0x8045c10  g  F  .uctext    +0x00b6  __GI___xpg_strerror_r
0x8045c10  g  F  .uctext    +0x00b6  __xpg_strerror_r
0x8045cc6  g  F  .uctext    +0x0016  __GI_stpcpy
0x8045cc6  g  F  .uctext    +0x0016  stpcpy
0x8045cdc  g  F  .uctext    +0x0036  __GI_strcasecmp
0x8045cdc  g  F  .uctext    +0x0036  strcasecmp
0x8045d12  g  F  .uctext    +0x0041  __GI_strncasecmp
0x8045d12  g  F  .uctext    +0x0041  strncasecmp
0x8045d53  g  F  .uctext    +0x0019  __GI_strtok
0x8045d53  g  F  .uctext    +0x0019  strtok
0x8045d6c  g  F  .uctext    +0x001d  __GI_isatty
0x8045d6c  g  F  .uctext    +0x001d  isatty
0x8045d89  g  F  .uctext    +0x0070  __GI_tcgetattr
0x8045d89  g  F  .uctext    +0x0070  tcgetattr
0x8045df9  l  F  .uctext    +0x0026  __malloc_largebin_index
0x8045e1f  g  F  .uctext    +0x07a2  malloc
0x80465c1  g  F  .uctext    +0x0336  realloc
0x80468f7  l  F  .uctext    +0x008d  __malloc_trim
0x8046984  g  F  .uctext    +0x01a8  __malloc_consolidate
0x8046b2c  g  F  .uctext    +0x019c  free
0x8046cc8  g  F  .uctext    +0x0022  malloc_trim
0x8046cea  g  F  .uctext    +0x0111  __GI_abort
0x8046cea  g  F  .uctext    +0x0111  abort
0x8046dfb  g  F  .uctext    +0x0005  rand
0x8046e00  g  F  .uctext    +0x0048  __GI_random
0x8046e00  g  F  .uctext    +0x0048  random
0x8046e48  g  F  .uctext    +0x005d  setstate
0x8046ea5  g  F  .uctext    +0x0057  initstate
0x8046efc  g  F  .uctext    +0x0043  srand
0x8046efc  g  F  .uctext    +0x0043  srandom
0x8046f3f  g  F  .uctext    +0x0099  __GI_setstate_r
0x8046f3f  g  F  .uctext    +0x0099  setstate_r
0x8046fd8  g  F  .uctext    +0x005e  __GI_random_r
0x8046fd8  g  F  .uctext    +0x005e  random_r
0x8047036  g  F  .uctext    +0x009a  __GI_srandom_r
0x8047036  g  F  .uctext    +0x009a  srandom_r
0x80470d0  g  F  .uctext    +0x00ab  __GI_initstate_r
0x80470d0  g  F  .uctext    +0x00ab  initstate_r
0x804717b  g  F  .uctext    +0x001a  __GI_strtol
0x804717b  g  F  .uctext    +0x001a  strtol
0x8047195  g  F  .uctext    +0x0121  _stdlib_strto_l
0x80472b6  g  F  .uctext    +0x0031  __GI_strtod
0x80472b6  g  F  .uctext    +0x0031  strtod
0x80472e7  g  F  .uctext    +0x021f  __strtofpmax
0x8047506  g  F  .uctext    +0x004c  __fp_range_check
0x8047552  g  F  .uctext    +0x0067  __GI_exit
0x8047552  g  F  .uctext    +0x0067  exit
0x80475b9  g  F  .uctext    +0x0145  __GI_sysconf
0x80475b9  g  F  .uctext    +0x0145  sysconf
0x80476fe  g  F  .uctext    +0x003f  __GI___uClibc_fini
0x80476fe  g  F  .uctext    +0x003f  __uClibc_fini
0x804773d  w  F  .uctext    +0x0003  __pthread_mutex_init
0x804773d  w  F  .uctext    +0x0003  __pthread_mutex_lock
0x804773d  w  F  .uctext    +0x0003  __pthread_mutex_trylock
0x804773d  w  F  .uctext    +0x0003  __pthread_mutex_unlock
0x804773d  l  F  .uctext    +0x0003  __pthread_return_0
0x8047740  w  F  .uctext    +0x0001  _pthread_cleanup_pop_restore
0x8047740  w  F  .uctext    +0x0001  _pthread_cleanup_push_defer
0x8047740  l  F  .uctext    +0x0001  __pthread_return_void
0x8047741  l  F  .uctext    +0x0034  __check_one_fd
0x8047775  g  F  .uctext    +0x0040  __GI___uClibc_init
0x8047775  g  F  .uctext    +0x0040  __uClibc_init
0x80477b5  g  F  .uctext    +0x01bb  __uClibc_main
0x8047970  w  F  .uctext    +0x00da  __GI_sigaction
0x8047970  w  F  .uctext    +0x00da  sigaction
0x8047970  g  F  .uctext    +0x00da  __libc_sigaction
0x8047a4a  w  F  .uctext    +0x0057  __GI_fcntl
0x8047a4a  w  F  .uctext    +0x0057  fcntl
0x8047a4a  g  F  .uctext    +0x0057  __GI___libc_fcntl
0x8047a4a  g  F  .uctext    +0x0057  __libc_fcntl
0x8047aa1  w  F  .uctext    +0x003f  fcntl64
0x8047aa1  g  F  .uctext    +0x003f  __GI___libc_fcntl64
0x8047aa1  g  F  .uctext    +0x003f  __GI_fcntl64
0x8047aa1  g  F  .uctext    +0x003f  __libc_fcntl64
0x8047ae0  g  F  .uctext    +0x003b  __syscall_rt_sigaction
0x8047b1b  g  F  .uctext    +0x0028  __GI__exit
0x8047b1b  g  F  .uctext    +0x0028  _exit
0x8047b43  g  F  .uctext    +0x0032  __GI_clock_getres
0x8047b43  g  F  .uctext    +0x0032  clock_getres
0x8047b75  w  F  .uctext    +0x002e  __GI_close
0x8047b75  w  F  .uctext    +0x002e  close
0x8047b75  g  F  .uctext    +0x002e  __libc_close
0x8047ba3  g  F  .uctext    +0x0025  __GI_getdtablesize
0x8047ba3  g  F  .uctext    +0x0025  getdtablesize
0x8047bc8  g  F  .uctext    +0x0026  __GI_getegid
0x8047bc8  g  F  .uctext    +0x0026  getegid
0x8047bee  g  F  .uctext    +0x0026  __GI_geteuid
0x8047bee  g  F  .uctext    +0x0026  geteuid
0x8047c14  g  F  .uctext    +0x0026  __GI_getgid
0x8047c14  g  F  .uctext    +0x0026  getgid
0x8047c3a  g  F  .uctext    +0x0011  __GI_getpagesize
0x8047c3a  g  F  .uctext    +0x0011  __getpagesize
0x8047c3a  g  F  .uctext    +0x0011  getpagesize
0x8047c4b  g  F  .uctext    +0x0032  __GI_getrlimit
0x8047c4b  g  F  .uctext    +0x0032  getrlimit
0x8047c7d  g  F  .uctext    +0x0026  __GI_getuid
0x8047c7d  g  F  .uctext    +0x0026  getuid
0x8047ca3  g  F  .uctext    +0x003f  __GI_ioctl
0x8047ca3  g  F  .uctext    +0x003f  ioctl
0x8047ce2  w  F  .uctext    +0x0056  __GI_lseek64
0x8047ce2  w  F  .uctext    +0x0056  lseek64
0x8047ce2  g  F  .uctext    +0x0056  __libc_lseek64
0x8047d38  g  F  .uctext    +0x003f  __GI_mremap
0x8047d38  g  F  .uctext    +0x003f  mremap
0x8047d77  g  F  .uctext    +0x0032  __GI_munmap
0x8047d77  g  F  .uctext    +0x0032  munmap
0x8047da9  w  F  .uctext    +0x004b  __GI_open
0x8047da9  w  F  .uctext    +0x004b  open
0x8047da9  g  F  .uctext    +0x004b  __GI___libc_open
0x8047da9  g  F  .uctext    +0x004b  __libc_open
0x8047df4  w  F  .uctext    +0x0019  creat
0x8047df4  g  F  .uctext    +0x0019  __libc_creat
0x8047e0d  g  F  .uctext    +0x004e  __GI_sbrk
0x8047e0d  g  F  .uctext    +0x004e  sbrk
0x8047e5b  g  F  .uctext    +0x0055  __GI_sigprocmask
0x8047e5b  g  F  .uctext    +0x0055  sigprocmask
0x8047eb0  g  F  .uctext    +0x0045  __GI_wcrtomb
0x8047eb0  g  F  .uctext    +0x0045  wcrtomb
0x8047ef5  g  F  .uctext    +0x001e  __GI_wcsrtombs
0x8047ef5  g  F  .uctext    +0x001e  wcsrtombs
0x8047f13  g  F  .uctext    +0x0085  __GI_wcsnrtombs
0x8047f13  g  F  .uctext    +0x0085  wcsnrtombs
0x8047f98  g  F  .uctext    +0x004f  __stdio_READ
0x8047fe7  g  F  .uctext    +0x0080  __stdio_WRITE
0x8048067  g  F  .uctext    +0x00ea  __stdio_fwrite
0x8048151  g  F  .uctext    +0x0028  __stdio_rfill
0x8048179  g  F  .uctext    +0x006e  __stdio_trans2r_o
0x80481e7  g  F  .uctext    +0x00a7  __stdio_trans2w_o
0x804828e  g  F  .uctext    +0x0056  _load_inttype
0x80482e4  g  F  .uctext    +0x003d  _store_inttype
0x8048321  g  F  .uctext    +0x00cf  _uintmaxtostr
0x80483f0  g  F  .uctext    +0x05a9  _fpmaxtostr
0x8048999  g  F  .uctext    +0x0023  __GI_memchr
0x8048999  g  F  .uctext    +0x0023  memchr
0x80489bc  w  F  .uctext    +0x0021  mempcpy
0x80489bc  g  F  .uctext    +0x0021  __GI_mempcpy
0x80489dd  g  F  .uctext    +0x00b0  __GI_memrchr
0x80489dd  g  F  .uctext    +0x00b0  memrchr
0x8048a8d  g  F  .uctext    +0x0059  __GI_strtok_r
0x8048a8d  g  F  .uctext    +0x0059  strtok_r
0x8048ae6  g  F  .uctext    +0x0027  __GI_strpbrk
0x8048ae6  g  F  .uctext    +0x0027  strpbrk
0x8048b0d  w  F  .uctext    +0x0018  __GI_raise
0x8048b0d  g  F  .uctext    +0x0018  __raise
0x8048b0d  g  F  .uctext    +0x0018  raise
0x8048b25  g  F  .uctext    +0x0024  __sigismember
0x8048b49  g  F  .uctext    +0x0020  __sigaddset
0x8048b69  g  F  .uctext    +0x0020  __sigdelset
0x8048b89  g  F  .uctext    +0x0012  _dl_aux_init
0x8048b9b  g  F  .uctext    +0x0036  __GI_brk
0x8048b9b  g  F  .uctext    +0x0036  brk
0x8048bd1  g  F  .uctext    +0x0015  __syscall_error
0x8048be6  w  F  .uctext    +0x0026  __GI_getpid
0x8048be6  w  F  .uctext    +0x0026  getpid
0x8048be6  g  F  .uctext    +0x0026  __libc_getpid
0x8048c0c  g  F  .uctext    +0x0032  __GI_kill
0x8048c0c  g  F  .uctext    +0x0032  kill
0x8048c3e  w  F  .uctext    +0x0036  __GI_write
0x8048c3e  w  F  .uctext    +0x0036  write
0x8048c3e  g  F  .uctext    +0x0036  __libc_write
0x8048c74  g  F  .uctext    +0x0063  __GI_rawmemchr
0x8048c74  g  F  .uctext    +0x0063  rawmemchr
0x8048cd7  g  F  .uctext    +0x0032  __GI_strspn
0x8048cd7  g  F  .uctext    +0x0032  strspn
0x805cf40  g  O  .ucdata    +0x0004  stdin
0x805cf44  g  O  .ucdata    +0x0004  stdout
0x805cf48  g  O  .ucdata    +0x0004  stderr
0x805cf4c  g  O  .ucdata    +0x0004  __stdin
0x805cf50  g  O  .ucdata    +0x0004  __stdout
0x805cf54  g  O  .ucdata    +0x0004  _stdio_openlist
0x805cf58  g  O  .ucdata    +0x0018  _stdio_openlist_add_lock
0x805cf70  g  O  .ucdata    +0x0018  _stdio_openlist_del_lock
0x805cf88  g  O  .ucdata    +0x0004  _stdio_user_locking
0x805cfa0  l  O  .ucdata    +0x00f0  _stdio_streams
0x805d090  g  O  .ucdata    +0x0018  __malloc_lock
0x805d0a8  l  O  .ucdata    +0x0018  mylock
0x805d0c0  l  O  .ucdata    +0x0018  mylock
0x805d0d8  l  O  .ucdata    +0x001c  unsafe_state
0x805d100  l  O  .ucdata    +0x0080  randtbl
0x805d180  g  O  .ucdata    +0x0018  __atexit_lock
0x805d198  g  O  .ucdata    +0x0004  __uclibc_progname
0x805d19c  g  O  .ucdata    +0x0004  __GI___C_ctype_b
0x805d19c  g  O  .ucdata    +0x0004  __C_ctype_b
0x805d1a0  g  O  .ucdata    +0x0004  __GI___ctype_b
0x805d1a0  g  O  .ucdata    +0x0004  __ctype_b
0x805d1a4  g  O  .ucdata    +0x0004  __GI___C_ctype_tolower
0x805d1a4  g  O  .ucdata    +0x0004  __C_ctype_tolower
0x805d1a8  g  O  .ucdata    +0x0004  __GI___ctype_tolower
0x805d1a8  g  O  .ucdata    +0x0004  __ctype_tolower
0x987ca40  g  O  .ucbss     +0x0004  _stdio_openlist_use_count
0x987ca44  g  O  .ucbss     +0x0004  _stdio_openlist_del_count
0x987ca60  l  O  .ucbss     +0x2000  _fixed_buffers
0x987ea60  l  O  .ucbss     +0x0004  next_start.1278
0x987ea64  l  O  .ucbss     +0x0001  been_there_done_that
0x987ea68  g  O  .ucbss     +0x0004  __exit_cleanup
0x987ea6c  g  O  .ucbss     +0x0004  __libc_stack_end
0x987ea70  w  O  .ucbss     +0x0004  environ
0x987ea70  g  O  .ucbss     +0x0004  __environ
0x987ea74  g  O  .ucbss     +0x0004  __pagesize
0x987ea78  g  O  .ucbss     +0x0004  __app_fini
0x987ea7c  g  O  .ucbss     +0x0004  __rtld_fini
0x987ea80  l  O  .ucbss     +0x0001  been_there_done_that.3001
0x987ea84  w  O  .ucbss     +0x0004  _errno
0x987ea84  g  O  .ucbss     +0x0004  __GI_errno
0x987ea84  g  O  .ucbss     +0x0004  errno
0x987ea88  w  O  .ucbss     +0x0004  _h_errno
0x987ea88  g  O  .ucbss     +0x0004  __GI_h_errno
0x987ea88  g  O  .ucbss     +0x0004  h_errno
0x987ea8c  g  O  .ucbss     +0x0004  __curbrk
0x987eaa0  g  O  .ucbss     +0x0378  __malloc_state
0x987ee18  g  O  .ucbss     +0x0004  _dl_phdr
0x987ee1c  g  O  .ucbss     +0x0004  _dl_phnum
